[33mÔØ»[39m Building...
[32mÔ£ö[39m Building...
[35mPrerendered 0 static routes.[39m
Application bundle generation failed. [8.840 seconds] - 2026-03-06T10:02:51.451Z

node.exe : [1m[33m[33mÔû▓ 
[43;33m[[43;30mWARNING[43;33m][0m [1mNG8107: The left 
side of this optional chain operation does not include 
'null' or 'undefined' in its type, therefore the '?.' 
operator can be replaced with the '.' operator.[0m 
[1m[35m[plugin angular-compiler][0m
Au caractère C:\Program Files\nodejs\npx.ps1:29 : 3
+   & $NODE_EXE $NPX_CLI_JS $args
+   ~~~~~~~~~~~~~~~~~~~~~~~~~~~~~
    + CategoryInfo          : NotSpecified: ([1m[33m[33 
   mÔ...r-compiler][0m:String) [], RemoteException
    + FullyQualifiedErrorId : NativeCommandError
 

    src/app/features/products/product-form/product-form.com
ponent.ts:48:72:
[37m      48 Ôöé ...         
[class.is-invalid]="submitted() && 
!product.name?.[32mtrim[37m()"
         ÔòÁ                                               
                [32m~~~~[0m


[33mÔû▓ [43;33m[[43;30mWARNING[43;33m][0m [1mNG8107: 
The left side of this optional chain operation does not 
include 'null' or 'undefined' in its type, therefore the 
'?.' operator can be replaced with the '.' operator.[0m 
[1m[35m[plugin angular-compiler][0m

    src/app/features/products/product-form/product-form.com
ponent.ts:54:55:
[37m      54 Ôöé                     @if (submitted() && 
!product.name?.[32mtrim[37m()) {
         ÔòÁ                                               
         [32m~~~~[0m


[33mÔû▓ [43;33m[[43;30mWARNING[43;33m][0m [1mNG8107: 
The left side of this optional chain operation does not 
include 'null' or 'undefined' in its type, therefore the 
'?.' operator can be replaced with the '.' operator.[0m 
[1m[35m[plugin angular-compiler][0m

    src/app/features/products/product-list/product-list.com
ponent.ts:194:57:
[37m      194 Ôöé ...    @for (cat of 
product.categories?.[32mslice[37m(0, 2); track cat.id) {
          ÔòÁ                                         
[32m~~~~~[0m


[33mÔû▓ [43;33m[[43;30mWARNING[43;33m][0m [1mNG8107: 
The left side of this optional chain operation does not 
include 'null' or 'undefined' in its type, therefore the 
'?.' operator can be replaced with the '.' operator.[0m 
[1m[35m[plugin angular-compiler][0m

    src/app/features/products/product-list/product-list.com
ponent.ts:197:49:
[37m      197 Ôöé                         @if 
(product.categories?.[32mlength[37m > 2) {
          ÔòÁ                                              
    [32m~~~~~~[0m


[33mÔû▓ [43;33m[[43;30mWARNING[43;33m][0m [1mNG8107: 
The left side of this optional chain operation does not 
include 'null' or 'undefined' in its type, therefore the 
'?.' operator can be replaced with the '.' operator.[0m 
[1m[35m[plugin angular-compiler][0m

    src/app/features/products/product-list/product-list.com
ponent.ts:200:50:
[37m      200 Ôöé                         @if 
(!product.categories?.[32mlength[37m) {
          ÔòÁ                                              
     [32m~~~~~~[0m

[39m[22m
[1m[31m[31mX [41;31m[[41;97mERROR[41;31m][0m 
[1mTS2532: Object is possibly 'undefined'.[0m 
[1m[35m[plugin angular-compiler][0m

    src/app/features/products/product-list/product-list.com
ponent.ts:197:29:
[37m      197 Ôöé                         @if 
([32mproduct.categories?.length > 2[37m) {
          ÔòÁ                              
[32m~~~~~~~~~~~~~~~~~~~~~~~~~~~~~~[0m


[31mX [41;31m[[41;97mERROR[41;31m][0m [1mTS2307: 
Cannot find module '../../core/services/toast.service' or 
its corresponding type declarations.[0m [1m[35m[plugin 
angular-compiler][0m

    
src/app/shared/components/toast/toast.component.ts:2:29:
[37m      2 Ôöé import { ToastService } from 
[32m'../../core/services/toast.service'[37m;
        ÔòÁ                              
[32m~~~~~~~~~~~~~~~~~~~~~~~~~~~~~~~~~~~[0m


[31mX [41;31m[[41;97mERROR[41;31m][0m [1mTS2571: 
Object is of type 'unknown'.[0m [1m[35m[plugin 
angular-compiler][0m

    
src/app/shared/components/toast/toast.component.ts:9:34:
[37m      9 Ôöé       @for (toast of 
toastService.[32mtoasts[37m(); track toast.id) {
        ÔòÁ                                   
[32m~~~~~~[0m


[31mX [41;31m[[41;97mERROR[41;31m][0m [1mTS2571: 
Object is of type 'unknown'.[0m [1m[35m[plugin 
angular-compiler][0m

    
src/app/shared/components/toast/toast.component.ts:10:72:
[37m      10 Ôöé ... toast-{{ toast.type }}" 
(click)="toastService.[32mdismiss[37m(toast.id)">
         ÔòÁ                                               
    [32m~~~~~~~[0m


[31mX [41;31m[[41;97mERROR[41;31m][0m [1mTS2571: 
Object is of type 'unknown'.[0m [1m[35m[plugin 
angular-compiler][0m

    
src/app/shared/components/toast/toast.component.ts:20:60:
[37m      20 Ôöé ...toast-close" (click)="toastService.[3
2mdismiss[37m(toast.id)">Ô£ò</button>
         ÔòÁ                                       
[32m~~~~~~~[0m


[31mX [41;31m[[41;97mERROR[41;31m][0m [1mCould not 
resolve "../../core/services/toast.service"[0m

    
src/app/shared/components/toast/toast.component.ts:2:29:
[37m      2 Ôöé import { ToastService } from 
[32m'../../core/services/toast.service'[37m;
        ÔòÁ                              
[32m~~~~~~~~~~~~~~~~~~~~~~~~~~~~~~~~~~~[0m


[31mX [41;31m[[41;97mERROR[41;31m][0m [1mCould not 
resolve "../../core/services/toast.service"[0m

    
src/app/shared/components/toast/toast.component.ts:2:29:
[37m      2 Ôöé import { ToastService } from 
[32m'../../core/services/toast.service'[37m;
        ÔòÁ                              
[32m~~~~~~~~~~~~~~~~~~~~~~~~~~~~~~~~~~~[0m

[39m[22m
